C51 COMPILER V9.54   AD                                                                    10/06/2022 14:50:24 PAGE 1   


C51 COMPILER V9.54, COMPILATION OF MODULE AD
OBJECT MODULE PLACED IN .\Objects\ad.obj
COMPILER INVOKED BY: C:\Keil_v5\C51\BIN\C51.EXE ad.c OPTIMIZE(8,SPEED) BROWSE DEBUG OBJECTEXTEND PRINT(.\Listings\ad.lst
                    -) TABS(2) OBJECT(.\Objects\ad.obj)

line level    source

   1          #include <REGX51.H>
   2          typedef unsigned char uchar;
   3          typedef unsigned int uint;
   4          sbit start= P3^0;
   5          sbit eoc= P3^6;
   6          sbit oe= P3^2;
   7          sbit RS= P3^3;
   8          sbit RW= P3^4;
   9          sbit EN= P3^5;
  10          
  11          uchar vol=0;
  12          uchar str0[]={'1','1','1','1','1','1','1','1','1','1','1','1','1','1','1','1'};
  13          uchar str1[]={'1','1','1','1','1','1','1','1','1','1','1','1','1','1','1','1'};
  14          uchar a[]={"0123456789"};
  15          
  16          uchar t0=0;
  17          uchar t1=0;
  18          uchar t2=0;
  19          
  20          
  21          void delay(uint n)
  22          {
  23   1        uint i=0;
  24   1        uint j=0;
  25   1        for(i=0;i<n;i++)
  26   1        {
  27   2          for(j=0;j<120;j++);
  28   2        }
  29   1      }
  30            
  31          void adc()
  32          {
  33   1        start=0;
  34   1        oe=0;
  35   1        start=1;
  36   1        delay(5);
  37   1        start=0;
  38   1        while(eoc!=1);
  39   1        oe=1;
  40   1        vol=P2;
  41   1        oe=0;
  42   1      }
  43          
  44          
  45          /***************************
  46          写指令cmd
  47          ***************************/
  48          void LCDWritecmd(uchar cmd)
  49          {
  50   1        RS=0;
  51   1        RW=0;
  52   1        P0=cmd;
  53   1        EN=0;
  54   1        delay(2);
C51 COMPILER V9.54   AD                                                                    10/06/2022 14:50:24 PAGE 2   

  55   1        EN=1;
  56   1        delay(2);
  57   1      }
  58          
  59          /***************************
  60          写数据dat
  61          ***************************/
  62          void LCDWritedata(uchar dat)
  63          {
  64   1        RS=1;
  65   1        RW=0;
  66   1        P0=dat;
  67   1        EN=0;
  68   1        delay(2);
  69   1        EN=1;
  70   1        delay(2);
  71   1      }
  72          
  73          /***************************
  74          光标定位
  75          ***************************/
  76          void LCDGotoXY(uchar line,uchar column)
  77          {
  78   1        if(line==0)
  79   1        {
  80   2          LCDWritecmd(0x80+column);
  81   2        }
  82   1        if(line==1)
  83   1        {
  84   2          LCDWritecmd(0x80+0x40+column);
  85   2        }
  86   1      }
  87          
  88          /***************************
  89          输出字符串
  90          ***************************/
  91          void LCDPrintstr(uchar *str)
  92          {
  93   1        while(*str!='\0')
  94   1          LCDWritedata(*str++);
  95   1      }
  96          
  97          /**************************
  98          开启1602显示
  99          ***************************/
 100          void LCDON()
 101          {
 102   1        LCDWritecmd(0x0c);
 103   1      }
 104          /**************************
 105          关闭1602显示
 106          ***************************/
 107          void LCDOFF()
 108          {
 109   1        LCDWritecmd(0x08);
 110   1      }
 111          
 112          /**************************
 113          1602初始化
 114          ***************************/
 115          void LCD1602_init()
 116          {
C51 COMPILER V9.54   AD                                                                    10/06/2022 14:50:24 PAGE 3   

 117   1        LCDWritecmd(0x38);
 118   1        LCDWritecmd(0x0c);
 119   1        LCDWritecmd(0x06);
 120   1        LCDWritecmd(0x01);
 121   1      }
 122          
 123          /**************************
 124          初始化1602显示内容
 125          ***************************/
 126          #if 0
              void LCDShowInit()
              {
              
              //  LCDGotoXY(uchar line,uchar column);
              //  LCDPrintstr(uchar *str);
              //  LCDGotoXY(uchar line,uchar column);
              //  LCDPrintstr(uchar *str);
                uchar i=0;
                uchar j=0;
              
                str0[0]='v';
                str0[1]='o';
                str0[2]='l';
                str0[3]='=';
                str0[4]=t0;
                str0[5]=t1;
                str0[6]=t2;
                str0[7]=' ';
                str0[8]=' ';
                str0[9]=' ';
                str0[10]=' ';
                str0[11]=' ';
                str0[12]=' ';
                str0[13]=' ';
                str0[14]=' ';
                str0[15]=' ';
                LCDGotoXY(0,0);
                for(i=0;i<16;i++)
                {
                  LCDWritedata(str0[i]);
                }
                
                str1[0]='@';
                str1[1]='D';
                str1[2]='A';
                str1[3]='T';
                str1[4]='E';  
                str1[5]=':';
                str1[6]='2';
                str1[7]='0';
                str1[8]='2';
                str1[9] ='2';
                str1[10]='.';
                str1[11]='9'; 
                str1[12]='.';
                str1[13]='2';
                str1[14]='3';
                str1[15]=' ';
                LCDGotoXY(1,0);
                for(j=0;j<16;j++)
                {
                  LCDWritedata(str1[j]);
C51 COMPILER V9.54   AD                                                                    10/06/2022 14:50:24 PAGE 4   

                  
                }
                
              
              }
              #endif
 185          
 186          void LCDShowInit()
 187          {
 188   1        uchar t0=0;
 189   1        uchar t1=0;
 190   1        uchar t2=0;
 191   1        t0=vol/100;
 192   1        t1=(vol%100)/10;
 193   1        t2=vol%10;
 194   1        LCDGotoXY(0,0);
 195   1        LCDWritedata(a[t0]);
 196   1        LCDGotoXY(0,1);
 197   1        LCDWritedata(a[t1]);
 198   1        LCDGotoXY(0,2);
 199   1        LCDWritedata(a[t2]);
 200   1      }
 201          
 202          
 203          
 204          void main()
 205          {
 206   1          LCD1602_init();
 207   1      
 208   1        while(1)
 209   1        {
 210   2          LCDShowInit();
 211   2          adc();
 212   2        }
 213   1      }


MODULE INFORMATION:   STATIC OVERLAYABLE
   CODE SIZE        =    282    ----
   CONSTANT SIZE    =   ----    ----
   XDATA SIZE       =   ----    ----
   PDATA SIZE       =   ----    ----
   DATA SIZE        =     47       7
   IDATA SIZE       =   ----    ----
   BIT SIZE         =   ----    ----
END OF MODULE INFORMATION.


C51 COMPILATION COMPLETE.  0 WARNING(S),  0 ERROR(S)
