C51 COMPILER V9.54   AD                                                                    10/06/2022 22:05:07 PAGE 1   


C51 COMPILER V9.54, COMPILATION OF MODULE AD
OBJECT MODULE PLACED IN .\Objects\ad.obj
COMPILER INVOKED BY: C:\Keil_v5\C51\BIN\C51.EXE ad.c OPTIMIZE(8,SPEED) BROWSE DEBUG OBJECTEXTEND PRINT(.\Listings\ad.lst
                    -) TABS(2) OBJECT(.\Objects\ad.obj)

line level    source

   1          /***************************
   2          @Author:ZSX
   3          @Date:2022.9.21.20.59
   4          @Description:PWM pulse speed regulation
   5          @LastEditTime:2022.9.23.15.52
   6          @LastEditors:ZSX
   7          @Filepath:C:\Users\13973\Objects\pwm
   8          ***************************/
   9          
  10          #include <REGX51.H>
  11          #include <INTRINS.H>
  12          #include <MATH.H>
  13          #define uchar unsigned char
  14          #define uint unsigned int
  15          typedef int i8;
  16          typedef float f8;
  17          typedef char c8;
  18          
  19          /***************************
  20          定义特殊寄存器的位变量
  21          ***************************/
  22          sbit RS=P1^0;
  23          sbit RW=P1^1;
  24          sbit EN=P1^2;
  25          sbit e0=P2^0;
  26          sbit e1=P2^1;
  27          sbit e2=P2^2;
  28          sbit e3=P2^3;
  29          sbit IN1=P3^0;
  30          sbit IN2=P3^1;
  31          sbit EN1=P3^2;
  32          
  33          bit flag=0;//
  34          uint PWM=0;//
  35          uchar speed=0;
  36          uchar speedvalue=10;
  37          uchar valueh[]={0xe0,0xf8};
  38          uchar valuel[]={0xc0,0x30};
  39          uchar str0[]={'1','1','1','1','1','1','1','1','1','1','1','1','1','1','1','1'};
  40          uchar str1[]={'1','1','1','1','1','1','1','1','1','1','1','1','1','1','1','1'};
  41          
  42          /***************************
  43          毫秒级延时函数
  44          ***************************/
  45          void delay(uchar n)
  46          {
  47   1        uchar i=0;
  48   1        uchar j=0;
  49   1        for(i=0;i<n;i++)
  50   1        {
  51   2          for(j=0;j<120;j++);
  52   2        }
  53   1      }
  54          
C51 COMPILER V9.54   AD                                                                    10/06/2022 22:05:07 PAGE 2   

  55          /***************************
  56          写指令cmd
  57          ***************************/
  58          void LCDWritecmd(uchar cmd)
  59          {
  60   1        RS=0;
  61   1        RW=0;
  62   1        P0=cmd;
  63   1        EN=0;
  64   1        delay(2);
  65   1        EN=1;
  66   1        delay(2);
  67   1      }
  68          
  69          /***************************
  70          写数据dat
  71          ***************************/
  72          void LCDWritedata(uchar dat)
  73          {
  74   1        RS=1;
  75   1        RW=0;
  76   1        P0=dat;
  77   1        EN=0;
  78   1        delay(2);
  79   1        EN=1;
  80   1        delay(2);
  81   1      }
  82          
  83          /***************************
  84          光标定位
  85          ***************************/
  86          void LCDGotoXY(uchar line,uchar column)
  87          {
  88   1        if(line==0)
  89   1        {
  90   2          LCDWritecmd(0x80+column);
  91   2        }
  92   1        if(line==1)
  93   1        {
  94   2          LCDWritecmd(0x80+0x40+column);
  95   2        }
  96   1      }
  97          
  98          /***************************
  99          输出字符串
 100          ***************************/
 101          void LCDPrintstr(uchar *str)
 102          {
 103   1        while(*str!='\0')
 104   1          LCDWritedata(*str++);
 105   1      }
 106          
 107          /**************************
 108          开启1602显示
 109          ***************************/
 110          void LCDON()
 111          {
 112   1        LCDWritecmd(0x0c);
 113   1      }
 114          /**************************
 115          关闭1602显示
 116          ***************************/
C51 COMPILER V9.54   AD                                                                    10/06/2022 22:05:07 PAGE 3   

 117          void LCDOFF()
 118          {
 119   1        LCDWritecmd(0x08);
 120   1      }
 121          
 122          /**************************
 123          1602初始化
 124          ***************************/
 125          void LCD1602_init()
 126          {
 127   1        LCDWritecmd(0x38);
 128   1        LCDWritecmd(0x0c);
 129   1        LCDWritecmd(0x06);
 130   1        LCDWritecmd(0x01);
 131   1      }
 132          
 133          /**************************
 134          初始化1602显示内容
 135          ***************************/
 136          void LCDShowInit()
 137          {
 138   1      //  LCDGotoXY(uchar line,uchar column);
 139   1      //  LCDPrintstr(uchar *str);
 140   1      //  LCDGotoXY(uchar line,uchar column);
 141   1      //  LCDPrintstr(uchar *str);
 142   1        uchar i=0;
 143   1        uchar j=0;
 144   1        str0[0]='@';
 145   1        str0[1]='A';
 146   1        str0[2]='U';
 147   1        str0[3]='T';
 148   1        str0[4]='H';
 149   1        str0[5]='O';
 150   1        str0[6]='R';
 151   1        str0[7]=':';
 152   1        str0[8]='Z';
 153   1        str0[9]='S';
 154   1        str0[10]='X';
 155   1        str0[11]=' ';
 156   1        str0[12]=' ';
 157   1        str0[13]=' ';
 158   1        str0[14]=' ';
 159   1        str0[15]=' ';
 160   1        LCDGotoXY(0,0);
 161   1        for(i=0;i<16;i++)
 162   1        {
 163   2          LCDWritedata(str0[i]);
 164   2        }
 165   1        
 166   1        str1[0]='@';
 167   1        str1[1]='D';
 168   1        str1[2]='A';
 169   1        str1[3]='T';
 170   1        str1[4]='E';  
 171   1        str1[5]=':';
 172   1        str1[6]='2';
 173   1        str1[7]='0';
 174   1        str1[8]='2';
 175   1        str1[9] ='2';
 176   1        str1[10]='.';
 177   1        str1[11]='9'; 
 178   1        str1[12]='.';
C51 COMPILER V9.54   AD                                                                    10/06/2022 22:05:07 PAGE 4   

 179   1        str1[13]='2';
 180   1        str1[14]='3';
 181   1        str1[15]=' ';
 182   1        LCDGotoXY(1,0);
 183   1        for(j=0;j<16;j++)
 184   1        {
 185   2          LCDWritedata(str1[j]);
 186   2        }
 187   1        
 188   1      
 189   1      }
 190          
 191          /**************************
 192          定时器0初始化
 193          ***************************/
 194          void Timer0_init()
 195          {
 196   1        TMOD=0x01;
 197   1        TH0=(65536-1000)/256;
 198   1        TL0=(65536-1000)%256;
 199   1        TR0=1;
 200   1      }
 201          
 202          /**************************
 203          定时器1初始化
 204          ***************************/
 205          //void Timer1_init()
 206          //{
 207          //  TMOD=0x10;
 208          //  TH1=0;
 209          //  TL1=0;
 210          //  TR1=1;
 211          //}
 212          
 213          /**************************
 214          中断初始化
 215          ***************************/
 216          void ISR_init()
 217          {
 218   1        EA=1;
 219   1        ET0=1;
 220   1        EX0=0;
 221   1        ET1=0;
 222   1        EX1=0;
 223   1        ES=0;
 224   1      }
 225          
 226          /**************************
 227          定时器0溢出处理
 228          ***************************/
 229          #if 0
              void OverFlow_Timer0()
              {
                uchar p=0;
                if(TF0==1)
                {
                  p++;
                  TF0=0;
                }
                if(P=10)
                {
                  //FUNCTION_0
C51 COMPILER V9.54   AD                                                                    10/06/2022 22:05:07 PAGE 5   

                  delay(2);
                  p=0;
                }
              }
              #endif
 246          /**************************
 247          定时器1溢出处理
 248          ***************************/
 249          #if 0
              void OverFlow_Timer1()
              {
                uchar q=0;
                if(TF1==1)
                {
                  q++;
                  TF1=0;
                }
                if(q=10)
                {
                  //FUNCTION_1
                  delay(2);
                  q=0;
                }
              }
              #endif
 266          /**************************
 267          定时器0中断服务
 268          ***************************/
 269          void Service_Timer0() interrupt 1
 270          {
 271   1      //  uchar count=0;
 272   1      //  TH0=valueh[count];
 273   1      //  TL0=valueh[count];
 274   1      //  count++;
 275   1        uchar count0=0;
 276   1        TH0=(65536-1000)/256;
 277   1        TL0=(65536-1000)%256;
 278   1        count0++;
 279   1        if(count0==20)
 280   1          count0=0;
 281   1        if(count0>=speedvalue)
 282   1        {
 283   2          EN1=1;
 284   2        }
 285   1        else
 286   1        {
 287   2          EN1=0;
 288   2        }
 289   1        
 290   1      //  IN2=~IN2;
 291   1      //  if(count==2)
 292   1      //  {
 293   1      //    IN2=~IN2;
 294   1      //    count=0;
 295   1      //  }
 296   1      }
 297          
 298          /**************************
 299          定时器1中断服务
 300          ***************************/
 301          #if 0
              void Service_Timer1() interrupt 3
C51 COMPILER V9.54   AD                                                                    10/06/2022 22:05:07 PAGE 6   

              {
                uchar count1=0;
                TH1=0;
                TL1=0;
                if(count1==20)
                {
                  count1=0;
                  TR1=0;
                  speed=TH0;  
                  speed=(speed<<8)|TL0;
                  //  speed+=TL0;  
                  speed=speed*2.49504;
                  flag=~flag;
                  TR1=1;
                }
              }
              #endif
 320          /*
 321          *电机打开
 322          */
 323          void MotorOpen()
 324          {
 325   1        IN1=1;
 326   1        IN2=0;
 327   1        EN1=1;
 328   1      }
 329          
 330          /*
 331          *电机关闭
 332          */
 333          void MotorClose()
 334          {
 335   1        IN1=0;
 336   1        IN2=0;
 337   1        EN1=0;
 338   1      }
 339          
 340          /*
 341          *电机加速
 342          */
 343          void MotorSpeedUp()
 344          {
 345   1        if(speedvalue>0)
 346   1        {
 347   2          speedvalue-=2;
 348   2        }
 349   1      }
 350          
 351          /*
 352          *电机减速
 353          */
 354          void MotorSpeedDown()
 355          {
 356   1        if(speedvalue<=20)
 357   1        {
 358   2          speedvalue+=2;
 359   2        }
 360   1      }
 361          
 362          /**************************
 363          按键实现电机开关，加速，
 364          减速功能
C51 COMPILER V9.54   AD                                                                    10/06/2022 22:05:07 PAGE 7   

 365          ***************************/
 366          void Button1()
 367          {
 368   1        
 369   1        if(e0==0)
 370   1        {
 371   2          delay(2);
 372   2          while(e0==0)
 373   2          {
 374   3            MotorOpen();
 375   3          }//FUNCTION_0:OPEN DC MOTOR
 376   2          return;
 377   2        }
 378   1        if(e1==0)
 379   1        {
 380   2          delay(2);
 381   2          while(e1==0)
 382   2          {
 383   3            MotorSpeedUp();
 384   3          }//FUNCTION_1:SPEED UP
 385   2          return;
 386   2        }
 387   1        if(e2==0)
 388   1        {
 389   2          delay(2);
 390   2          while(e2==0)
 391   2          {
 392   3            MotorSpeedDown();
 393   3          }//FUNCTION_2:SPEED DOWN
 394   2          return;
 395   2        }
 396   1        if(e3==0)
 397   1        {
 398   2          delay(2);
 399   2          while(e3==0)
 400   2          {
 401   3            MotorClose();
 402   3          }//FUNCTION_3:CLOSE DC MOTOR
 403   2          return;
 404   2        }
 405   1        
 406   1        
 407   1      }
 408          
 409          /**************************
 410          使用switch实现按键选择功能
 411          ***************************/
 412          #if 0
              void Button2(uchar keynum2)
              {
                uchar i,j=0;
                c8 key=0;
                key=P2&0X0F;
                switch(key)
                {
                  case 0x0e:MotorOpen(); break;
                  case 0x0d:MotorSpeedUp(); break;
                  case 0x0b:MotorSpeedDown(); break;
                  case 0x07:MotorClose(); break;
                }
              }
              #end if
C51 COMPILER V9.54   AD                                                                    10/06/2022 22:05:07 PAGE 8   

              
              /**************************
              主函数
              ***************************/
              void main()
              {
                Timer0_init();
                LCD1602_init();
                
                ISR_init();
                while(1)
                {LCDShowInit();
                  Button1();
                }
                
              }
*** WARNING C316 IN LINE 442 OF ad.c: unterminated conditionals


MODULE INFORMATION:   STATIC OVERLAYABLE
   CODE SIZE        =    448    ----
   CONSTANT SIZE    =   ----    ----
   XDATA SIZE       =   ----    ----
   PDATA SIZE       =   ----    ----
   DATA SIZE        =     40       3
   IDATA SIZE       =   ----    ----
   BIT SIZE         =      1    ----
END OF MODULE INFORMATION.


C51 COMPILATION COMPLETE.  1 WARNING(S),  0 ERROR(S)
