C51 COMPILER V9.54   DELAY                                                                 10/05/2022 15:20:12 PAGE 1   


C51 COMPILER V9.54, COMPILATION OF MODULE DELAY
OBJECT MODULE PLACED IN .\Objects\delay.obj
COMPILER INVOKED BY: C:\Keil_v5\C51\BIN\C51.EXE delay.c OPTIMIZE(8,SPEED) BROWSE DEBUG OBJECTEXTEND PRINT(.\Listings\del
                    -ay.lst) TABS(2) OBJECT(.\Objects\delay.obj)

line level    source

   1          /*
   2          *毫秒级延时函数模块
   3          */
   4          #include <REGX51.H>
   5          typedef unsigned char uchar;
   6          typedef unsigned int uint;
   7          void delay(uint n)
   8          {
   9   1        uint i=0;
  10   1        uint j=0;
  11   1        for(i=0;i<n;i++)
  12   1        {
  13   2          for(j=0;j<120;j++);
  14   2        }
  15   1      }
  16          


MODULE INFORMATION:   STATIC OVERLAYABLE
   CODE SIZE        =     32    ----
   CONSTANT SIZE    =   ----    ----
   XDATA SIZE       =   ----    ----
   PDATA SIZE       =   ----    ----
   DATA SIZE        =   ----    ----
   IDATA SIZE       =   ----    ----
   BIT SIZE         =   ----    ----
END OF MODULE INFORMATION.


C51 COMPILATION COMPLETE.  0 WARNING(S),  0 ERROR(S)
